_off^_usr, _off^_usr, _off^_usr, _off^_usr, _off^_usr, _off^_usr, _off^_usr, _off^_usr, _off^_usr, _off^_usr, _off^_usr, _off^_usr, _off^_usr, _off^_usr, _off^_usr, _off^_usr, _off^_usr, _off^_usr, _off^_usr, _off^_usr, _off^_usr, _off^_usr, _off^_usr, _off^_usr, _off^_usr, _off^_usr, _off^_usr, _off^_usr, _off^_usr, _off^_usr, _off^_usr, _off^_usr, _off^_usr, _off^_usr, _off^_usr
_off^_usr, _off^_usr, _off^_usr, _off^_usr, _off^_usr, _off^_usr, _off^_usr, _off^_usr, _off^_usr, _off^_usr, _off^_usr, _off^_usr, _off^_usr, _off^_usr, _off^_usr, _off^_usr, Ch, Ch, Ch, _off^_usr, _off^_usr, _off^_usr, _off^_usr, _off^_usr, _off^_usr, _off^_usr, _off^_usr, _off^_usr, _off^_usr, _off^_usr, _off^_usr, _off^_usr, _off^_usr, _off^_usr, _off^_usr
_off^_usr, _off^_usr, _off^_usr, _off^_usr, _off^_usr, _off^_usr, _off^_usr, _off^_usr, _off^_usr, _off^_usr, _off^_usr, _off^_usr, _off^_usr, _off^_usr, Ch, Ch, Ms, Ms, Ms, Ch, Ch, _off^_usr, _off^_usr, _off^_usr, _off^_usr, _off^_usr, _off^_usr, _off^_usr, _off^_usr, _off^_usr, _off^_usr, _off^_usr, _off^_usr, _off^_usr, _off^_usr
_off^_usr, _off^_usr, _off^_usr, _off^_usr, _off^_usr, _off^_usr, _off^_usr, _off^_usr, _off^_usr, _off^_usr, _off^_usr, _off^_usr, Ch, Ch, Ms, Ms, Ms, Ms, Ms, Ms, Ms, Ch, Ch, _off^_usr, _off^_usr, _off^_usr, _off^_usr, _off^_usr, _off^_usr, _off^_usr, _off^_usr, _off^_usr, _off^_usr, _off^_usr, _off^_usr
_off^_usr, _off^_usr, _off^_usr, _off^_usr, _off^_usr, _off^_usr, _off^_usr, _off^_usr, _off^_usr, _off^_usr, Ch, Ch, Ms, Ms, Ms, Ms, Ms, Ms, Ms, Ms, Ms, Ms, Ms, Ch, Ch, _off^_usr, _off^_usr, _off^_usr, _off^_usr, _off^_usr, _off^_usr, _off^_usr, _off^_usr, _off^_usr, _off^_usr
_off^_usr, _off^_usr, _off^_usr, _off^_usr, _off^_usr, _off^_usr, _off^_usr, _off^_usr, Ch, Ch, Ms, Ms, Ms, Ms, Ms, Ms, Xv, Xv, Xv, Ms, Ms, Ms, Ms, Ms, Ms, Ch, Ch, _off^_usr, _off^_usr, _off^_usr, _off^_usr, _off^_usr, _off^_usr, _off^_usr, _off^_usr
_off^_usr, _off^_usr, _off^_usr, _off^_usr, _off^_usr, _off^_usr, Ch, Ch, Ms, Ms, Ms, Ms, Ms, Ms, Ms, Xv, Xv, Xv, Xv, Xv, Ms, Ms, Ms, Ms, Ms, Ms, Ms, Ch, Ch, _off^_usr, _off^_usr, _off^_usr, _off^_usr, _off^_usr, _off^_usr
_off^_usr, _off^_usr, _off^_usr, _off^_usr, Ch, Ch, Ms, Ms, Ms, Ms, Ms, Ms, Ms, Ms, Ms, Ms, Ms, Xv, Ms, Ms, Ms, Ms, Ms, Ms, Ms, Ms, Ms, Ms, Ms, Ch, Ch, _off^_usr, _off^_usr, _off^_usr, _off^_usr
_off^_usr, _off^_usr, Ch, Ch, Ms, Ms, Ms, Ms, Ms, Ms, Xv, Xv, Xv, Ms, Ms, Ms, Ms, Ms, Ms, Ms, Ms, Ms, Xv, Xv, Xv, Ms, Ms, Ms, Ms, Ms, Ms, Ch, Ch, _off^_usr, _off^_usr
_off^_usr, Ch, Ch, Ms, Ms, Ms, Ms, Ms, Ms, Xv, Xv, Xv, Xv, Xv, Ms, Ms, Ms, Ms, Ms, Ms, Ms, Xv, Xv, Xv, Xv, Xv, Ms, Ms, Ms, Ms, Ms, Ms, Ch, Ch, _off^_usr
_off^_usr, Ch, Ha, Ch, Ch, Ms, Ms, Ms, Ms, Ms, Ms, Xv, Ms, Ms, Ms, Ms, Ms, Ms, Ms, Ms, Ms, Ms, Ms, Xv, Ms, Ms, Ms, Ms, Ms, Ms, Ch, Ch, Aa, Ch, _off^_usr
_off^_usr, Ch, Ha, Ha, Ha, Ch, Ch, Ms, Ms, Ms, Ms, Ms, Ms, Ms, Ms, Ms, Xv, Xv, Xv, Ms, Ms, Ms, Ms, Ms, Ms, Ms, Ms, Ms, Ch, Ch, Aa, Aa, Aa, Ch, _off^_usr
_off^_usr, Ch, Ha, Ha, Ha, Ha, Ha, Ch, Ch, Ms, Ms, Ms, Ms, Ms, Ms, Xv, Xv, Xv, Xv, Xv, Ms, Ms, Ms, Ms, Ms, Ms, Ch, Ch, Aa, Aa, Aa, Aa, Aa, Ch, _off^_usr
_off^_usr, Ch, Ha, Ha, Ha, Ha, Ha, Ha, Ha, Ch, Ch, Ms, Ms, Ms, Ms, Ms, Ms, Xv, Ms, Ms, Ms, Ms, Ms, Ms, Ch, Ch, Aa, Aa, Aa, Aa, Aa, Aa, Aa, Ch, _off^_usr
_off^_usr, Ch, Ha, Ha, Ha, Ha, Ha, Ha, Ha, Ha, Ha, Ch, Ch, Ms, Ms, Ms, Ms, Ms, Ms, Ms, Ms, Ms, Ch, Ch, Aa, Aa, Aa, Aa, Aa, Aa, Aa, Aa, Aa, Ch, _off^_usr
_off^_usr, Ch, Ha, Ha, Ha, Xv, Xv, Ha, Ha, Ha, Ha, Ha, Ha, Ch, Ch, Ms, Ms, Ms, Ms, Ms, Ch, Ch, Aa, Aa, Aa, Aa, Aa, Aa, Aa, Aa, Aa, Aa, Aa, Ch, _off^_usr
_off^_usr, Ch, Ha, Ha, Ha, Xv, Xv, Xv, Ha, Ha, Ha, Ha, Ha, Ha, Ha, Ch, Ch, Ms, Ch, Ch, Aa, Aa, Aa, Aa, Aa, Aa, Aa, Aa, Aa, Aa, Aa, Aa, Aa, Ch, _off^_usr
_off^_usr, Ch, Ha, Ha, Ha, Xv, Xv, Xv, Ha, Ha, Ha, Ha, Ha, Ha, Ha, Ha, Ha, 1 Ch^Kov, Aa, Aa, Aa, Aa, Aa, Aa, Aa, Aa, Aa, Aa, Aa, Aa, Aa, Aa, Aa, Ch, _off^_usr
_off^_usr, Ch, Ha, Ha, Ha, Ha, Ha, Xv, Ha, Ha, Ha, Ha, Ha, Ha, Ha, Ha, Ha, Ch, Aa, Aa, Aa, Aa, Aa, Aa, Aa, Aa, Aa, Aa, Aa, Aa, Aa, Aa, Aa, Ch, _off^_usr
_off^_usr, Ch, Ha, Ha, Ha, Ha, Ha, Ha, Ha, Ha, Ha, Ha, Ha, Ha, Ha, Ha, Ha, Ch, Aa, Aa, Aa, Aa, Aa, Aa, Aa, Aa, Xv, Aa, Aa, Aa, Aa, Aa, Aa, Ch, _off^_usr
_off^_usr, Ch, Ha, Ha, Ha, Ha, Ha, Ha, Ha, Ha, Ha, Ha, Ha, Ha, Ha, Ha, Ha, Ch, Aa, Aa, Aa, Aa, Aa, Aa, Xv, Xv, Xv, Aa, Aa, Aa, Aa, Aa, Aa, Ch, _off^_usr
_off^_usr, Ch, Ha, Ha, Ha, Ha, Ha, Ha, Ha, Ha, Ha, Ha, Ha, Ha, Ha, Ha, Ha, Ch, Aa, Aa, Aa, Aa, Aa, Aa, Xv, Xv, Xv, Aa, Aa, Aa, Aa, Aa, Aa, Ch, _off^_usr
_off^_usr, Ch, Ha, Ha, Ha, Ha, Ha, Ha, Ha, Ha, Ha, Ha, Ha, Ha, Ha, Ha, Ha, Ch, Aa, Aa, Aa, Aa, Aa, Aa, Xv, Xv, Aa, Aa, Aa, Aa, Aa, Aa, Aa, Ch, _off^_usr
_off^_usr, Ch, Ha, Ha, Ha, Ha, Ha, Ha, Ha, Ha, Ha, Ha, Ha, Ha, Ha, Ha, Ha, Ch, Aa, Aa, Aa, Aa, Aa, Aa, Aa, Aa, Aa, Aa, Aa, Aa, Aa, Aa, Aa, Ch, _off^_usr
_off^_usr, Ch, Ha, Ha, Ha, Ha, Ha, Ha, Ha, Ha, Ha, Xv, Xv, Ha, Ha, Ha, Ha, Ch, Aa, Aa, Aa, Aa, Aa, Aa, Aa, Aa, Aa, Aa, Aa, Aa, Aa, Aa, Aa, Ch, _off^_usr
_off^_usr, Ch, Ch, Ha, Ha, Ha, Ha, Ha, Ha, Ha, Ha, Xv, Xv, Xv, Ha, Ha, Ha, Ch, Aa, Aa, Aa, Aa, Aa, Aa, Aa, Aa, Aa, Aa, Aa, Aa, Aa, Aa, Ch, Ch, _off^_usr
_off^_usr, _off^_usr, _off^_usr, Ch, Ch, Ha, Ha, Ha, Ha, Ha, Ha, Xv, Xv, Xv, Ha, Ha, Ha, Ch, Aa, Aa, Aa, Aa, Aa, Aa, Aa, Aa, Aa, Aa, Aa, Aa, Ch, Ch, _off^_usr, _off^_usr, _off^_usr
_off^_usr, _off^_usr, _off^_usr, _off^_usr, _off^_usr, Ch, Ch, Ha, Ha, Ha, Ha, Ha, Ha, Xv, Ha, Ha, Ha, Ch, Aa, Aa, Aa, Aa, Aa, Aa, Aa, Aa, Aa, Aa, Ch, Ch, _off^_usr, _off^_usr, _off^_usr, _off^_usr, _off^_usr
_off^_usr, _off^_usr, _off^_usr, _off^_usr, _off^_usr, _off^_usr, _off^_usr, Ch, Ch, Ha, Ha, Ha, Ha, Ha, Ha, Ha, Ha, Ch, Aa, Aa, Aa, Aa, Aa, Aa, Aa, Aa, Ch, Ch, _off^_usr, _off^_usr, _off^_usr, _off^_usr, _off^_usr, _off^_usr, _off^_usr
_off^_usr, _off^_usr, _off^_usr, _off^_usr, _off^_usr, _off^_usr, _off^_usr, _off^_usr, _off^_usr, Ch, Ch, Ha, Ha, Ha, Ha, Ha, Ha, Ch, Aa, Aa, Aa, Aa, Aa, Aa, Ch, Ch, _off^_usr, _off^_usr, _off^_usr, _off^_usr, _off^_usr, _off^_usr, _off^_usr, _off^_usr, _off^_usr
_off^_usr, _off^_usr, _off^_usr, _off^_usr, _off^_usr, _off^_usr, _off^_usr, _off^_usr, _off^_usr, _off^_usr, _off^_usr, Ch, Ch, Ha, Ha, Ha, Ha, Ch, Aa, Aa, Aa, Aa, Ch, Ch, _off^_usr, _off^_usr, _off^_usr, _off^_usr, _off^_usr, _off^_usr, _off^_usr, _off^_usr, _off^_usr, _off^_usr, _off^_usr
_off^_usr, _off^_usr, _off^_usr, _off^_usr, _off^_usr, _off^_usr, _off^_usr, _off^_usr, _off^_usr, _off^_usr, _off^_usr, _off^_usr, _off^_usr, Ch, Ch, Ha, Ha, Ch, Aa, Aa, Ch, Ch, _off^_usr, _off^_usr, _off^_usr, _off^_usr, _off^_usr, _off^_usr, _off^_usr, _off^_usr, _off^_usr, _off^_usr, _off^_usr, _off^_usr, _off^_usr
_off^_usr, _off^_usr, _off^_usr, _off^_usr, _off^_usr, _off^_usr, _off^_usr, _off^_usr, _off^_usr, _off^_usr, _off^_usr, _off^_usr, _off^_usr, _off^_usr, _off^_usr, Ch, Ch, Ch, Ch, Ch, _off^_usr, _off^_usr, _off^_usr, _off^_usr, _off^_usr, _off^_usr, _off^_usr, _off^_usr, _off^_usr, _off^_usr, _off^_usr, _off^_usr, _off^_usr, _off^_usr, _off^_usr
_off^_usr, _off^_usr, _off^_usr, _off^_usr, _off^_usr, _off^_usr, _off^_usr, _off^_usr, _off^_usr, _off^_usr, _off^_usr, _off^_usr, _off^_usr, _off^_usr, _off^_usr, _off^_usr, _off^_usr, Ch, _off^_usr, _off^_usr, _off^_usr, _off^_usr, _off^_usr, _off^_usr, _off^_usr, _off^_usr, _off^_usr, _off^_usr, _off^_usr, _off^_usr, _off^_usr, _off^_usr, _off^_usr, _off^_usr, _off^_usr
_off^_usr, _off^_usr, _off^_usr, _off^_usr, _off^_usr, _off^_usr, _off^_usr, _off^_usr, _off^_usr, _off^_usr, _off^_usr, _off^_usr, _off^_usr, _off^_usr, _off^_usr, _off^_usr, _off^_usr, _off^_usr, _off^_usr, _off^_usr, _off^_usr, _off^_usr, _off^_usr, _off^_usr, _off^_usr, _off^_usr, _off^_usr, _off^_usr, _off^_usr, _off^_usr, _off^_usr, _off^_usr, _off^_usr, _off^_usr, _off^_usr
