border_size=1
usage=map

Xv          , Xv          , Xv          , Xv          , Xv          , Xv          , Xv          , Xv          , Xv          , Xv          , Xv          , Xv          , Xv          , Xv          , Xv          , Xv          , Xv          , Xv          , Xv          , Xv          , Xv          , Xv          , Xv          , Xv          , Xv          , Xv          , Xv          , Xv          , Xv          , Xv          , Xv          , Xv          , Xv          , Xv          , Xv          
Xv          , Xv          , Xv          , Xv          , Xv          , Xv          , Xv          , Xv          , Xv          , Xv          , Xv          , Xv          , Xv          , Xv          , Xv          , Xv          , Ch          , Ch          , Ch          , Xv          , Xv          , Xv          , Xv          , Xv          , Xv          , Xv          , Xv          , Xv          , Xv          , Xv          , Xv          , Xv          , Xv          , Xv          , Xv          
Xv          , Xv          , Xv          , Xv          , Xv          , Xv          , Xv          , Xv          , Xv          , Xv          , Xv          , Xv          , Xv          , Xv          , Ch          , Ch          , Aa^Vaa      , Aa^Vaa      , Aa^Vaa      , Ch          , Ch          , Xv          , Xv          , Xv          , Xv          , Xv          , Xv          , Xv          , Xv          , Xv          , Xv          , Xv          , Xv          , Xv          , Xv          
Xv          , Xv          , Xv          , Xv          , Xv          , Xv          , Xv          , Xv          , Xv          , Xv          , Xv          , Xv          , Ch          , Ch          , Aa^Vaa      , Aa^Vaa      , Aa^Vaa      , Aa^Vaa      , Aa^Vaa      , Aa^Vaa      , Aa^Vaa      , Ch          , Ch          , Xv          , Xv          , Xv          , Xv          , Xv          , Xv          , Xv          , Xv          , Xv          , Xv          , Xv          , Xv          
Xv          , Xv          , Xv          , Xv          , Xv          , Xv          , Xv          , Xv          , Xv          , Xv          , Ch          , Ch          , Aa^Vaa      , Aa^Vaa      , Aa^Vaa      , Aa^Vaa      , Aa^Vaa      , Aa^Vaa      , Aa^Vaa      , Aa^Vaa      , Aa^Vaa      , Aa^Vaa      , Aa^Vaa      , Ch          , Ch          , Xv          , Xv          , Xv          , Xv          , Xv          , Xv          , Xv          , Xv          , Xv          , Xv          
Xv          , Xv          , Xv          , Xv          , Xv          , Xv          , Xv          , Xv          , Ch          , Ch          , Aa^Vaa      , Aa^Vaa      , Aa^Vaa      , Aa^Vaa      , Aa^Vaa      , Aa^Vaa      , Xv          , Xv          , Xv          , Aa^Vaa      , Aa^Vaa      , Aa^Vaa      , Aa^Vaa      , Aa^Vaa      , Aa^Vaa      , Ch          , Ch          , Xv          , Xv          , Xv          , Xv          , Xv          , Xv          , Xv          , Xv          
Xv          , Xv          , Xv          , Xv          , Xv          , Xv          , Ch          , Ch          , Aa^Vaa      , Aa^Vaa      , Aa^Vaa      , Aa^Vaa      , Aa^Vaa      , Aa^Vaa      , Aa^Vaa      , Xv          , Xv          , Xv          , Xv          , Xv          , Aa^Vaa      , Aa^Vaa      , Aa^Vaa      , Aa^Vaa      , Aa^Vaa      , Aa^Vaa      , Aa^Vaa      , Ch          , Ch          , Xv          , Xv          , Xv          , Xv          , Xv          , Xv          
Xv          , Xv          , Xv          , Xv          , Ch          , Ch          , Aa^Vaa      , Aa^Vaa      , Aa^Vaa      , Aa^Vaa      , Aa^Vaa      , Aa^Vaa      , Aa^Vaa      , Aa^Vaa      , Aa^Vaa      , Aa^Vaa      , Aa^Vaa      , Xv          , Aa^Vaa      , Aa^Vaa      , Aa^Vaa      , Aa^Vaa      , Aa^Vaa      , Aa^Vaa      , Aa^Vaa      , Aa^Vaa      , Aa^Vaa      , Aa^Vaa      , Aa^Vaa      , Ch          , Ch          , Xv          , Xv          , Xv          , Xv          
Xv          , Xv          , Ch          , Ch          , Aa^Vaa      , Aa^Vaa      , Aa^Vaa      , Aa^Vaa      , Aa^Vaa      , Aa^Vaa      , Xv          , Xv          , Xv          , Aa^Vaa      , Aa^Vaa      , Aa^Vaa      , Aa^Vaa      , Aa^Vaa      , Aa^Vaa      , Aa^Vaa      , Aa^Vaa      , Aa^Vaa      , Xv          , Xv          , Xv          , Aa^Vaa      , Aa^Vaa      , Aa^Vaa      , Aa^Vaa      , Aa^Vaa      , Aa^Vaa      , Ch          , Ch          , Xv          , Xv          
Xv          , Ch          , Ch          , Aa^Vaa      , Aa^Vaa      , Aa^Vaa      , Aa^Vaa      , Aa^Vaa      , Aa^Vaa      , Xv          , Xv          , Xv          , Xv          , Xv          , Aa^Vaa      , Aa^Vaa      , Aa^Vaa      , Aa^Vaa      , Aa^Vaa      , Aa^Vaa      , Aa^Vaa      , Xv          , Xv          , Xv          , Xv          , Xv          , Aa^Vaa      , Aa^Vaa      , Aa^Vaa      , Aa^Vaa      , Aa^Vaa      , Aa^Vaa      , Ch          , Ch          , Xv          
Xv          , Ch          , Ha          , Ch          , Ch          , Aa^Vaa      , Aa^Vaa      , Aa^Vaa      , Aa^Vaa      , Aa^Vaa      , Aa^Vaa      , Xv          , Aa^Vaa      , Aa^Vaa      , Aa^Vaa      , Aa^Vaa      , Aa^Vaa      , Aa^Vaa      , Aa^Vaa      , Aa^Vaa      , Aa^Vaa      , Aa^Vaa      , Aa^Vaa      , Xv          , Aa^Vaa      , Aa^Vaa      , Aa^Vaa      , Aa^Vaa      , Aa^Vaa      , Aa^Vaa      , Ch          , Ch          , Aa          , Ch          , Xv          
Xv          , Ch          , Ha          , Ha          , Ha          , Ch          , Ch          , Aa^Vaa      , Aa^Vaa      , Aa^Vaa      , Aa^Vaa      , Aa^Vaa      , Aa^Vaa      , Aa^Vaa      , Aa^Vaa      , Aa^Vaa      , Xv          , Xv          , Xv          , Aa^Vaa      , Aa^Vaa      , Aa^Vaa      , Aa^Vaa      , Aa^Vaa      , Aa^Vaa      , Aa^Vaa      , Aa^Vaa      , Aa^Vaa      , Ch          , Ch          , Aa          , Aa          , Aa          , Ch          , Xv          
Xv          , Ch          , Ha          , Ha          , Ha          , Ha          , Ha          , Ch          , Ch          , Aa^Vaa      , Aa^Vaa      , Aa^Vaa      , Aa^Vaa      , Aa^Vaa      , Aa^Vaa      , Xv          , Xv          , Xv          , Xv          , Xv          , Aa^Vaa      , Aa^Vaa      , Aa^Vaa      , Aa^Vaa      , Aa^Vaa      , Aa^Vaa      , Ch          , Ch          , Aa          , Aa          , Aa          , Aa          , Aa          , Ch          , Xv          
Xv          , Ch          , Ha          , Ha          , Ha          , Ha          , Ha          , Ha          , Ha          , 1 Ch        , Ch          , Aa^Vaa      , Aa^Vaa      , Aa^Vaa      , Aa^Vaa      , Aa^Vaa      , Aa^Vaa      , Xv          , Aa^Vaa      , Aa^Vaa      , Aa^Vaa      , Aa^Vaa      , Aa^Vaa      , Aa^Vaa      , Ch          , 9 Ch        , Aa          , Aa          , Aa          , Aa          , Aa          , Aa          , Aa          , Ch          , Xv          
Xv          , Ch          , Ha          , Ha          , Ha          , Ha          , Ha          , Ha          , Ha          , Ha          , Ha          , 2 Ch        , Ch          , Aa^Vaa      , Aa^Vaa      , Aa^Vaa      , Aa^Vaa      , Aa^Vaa      , Aa^Vaa      , Aa^Vaa      , Aa^Vaa      , Aa^Vaa      , Ch          , 8 Ch        , Aa          , Aa          , Aa          , Aa          , Aa          , Aa          , Aa          , Aa          , Aa          , Ch          , Xv          
Xv          , Ch          , Ha          , Ha          , Ha          , Xv          , Xv          , Ha          , Ha          , Ha          , Ha          , Ha          , Ha          , 3 Ch        , Ch          , Aa^Vaa      , Aa^Vaa      , Aa^Vaa      , Aa^Vaa      , Aa^Vaa      , Ch          , 7 Ch        , Aa          , Aa          , Aa          , Aa          , Aa          , Aa          , Aa          , Aa          , Aa          , Aa          , Aa          , Ch          , Xv          
Xv          , Ch          , Ha          , Ha          , Ha          , Xv          , Xv          , Xv          , Ha          , Ha          , Ha          , Ha          , Ha          , Ha          , Ha          , 4 Ch        , Ch          , Aa^Vaa      , Ch          , 6 Ch        , Aa          , Aa          , Aa          , Aa          , Aa          , Aa          , Aa          , Aa          , Aa          , Aa          , Aa          , Aa          , Aa          , Ch          , Xv          
Xv          , Ch          , Ha          , Ha          , Ha          , Xv          , Xv          , Xv          , Ha          , Ha          , Ha          , Ha          , Ha          , Ha          , Ha          , Ha          , Ha          , 5 Ch        , Aa          , Aa          , Aa          , Aa          , Aa          , Aa          , Aa          , Aa          , Aa          , Aa          , Aa          , Aa          , Aa          , Aa          , Aa          , Ch          , Xv          
Xv          , Ch          , Ha          , Ha          , Ha          , Ha          , Ha          , Xv          , Ha          , Ha          , Ha          , Ha          , Ha          , Ha          , Ha          , Ha          , Ha          , Ch          , Aa          , Aa          , Aa          , Aa          , Aa          , Aa          , Aa          , Aa          , Aa          , Aa          , Aa          , Aa          , Aa          , Aa          , Aa          , Ch          , Xv          
Xv          , Ch          , Ha          , Ha          , Ha          , Ha          , Ha          , Ha          , Ha          , Ha          , Ha          , Ha          , Ha          , Ha          , Ha          , Ha          , Ha          , Ch          , Aa          , Aa          , Aa          , Aa          , Aa          , Aa          , Aa          , Aa          , Xv          , Aa          , Aa          , Aa          , Aa          , Aa          , Aa          , Ch          , Xv          
Xv          , Ch          , Ha          , Ha          , Ha          , Ha          , Ha          , Ha          , Ha          , Ha          , Ha          , Ha          , Ha          , Ha          , Ha          , Ha          , Ha          , Ch          , Aa          , Aa          , Aa          , Aa          , Aa          , Aa          , Xv          , Xv          , Xv          , Aa          , Aa          , Aa          , Aa          , Aa          , Aa          , Ch          , Xv          
Xv          , Ch          , Ha          , Ha          , Ha          , Ha          , Ha          , Ha          , Ha          , Ha          , Ha          , Ha          , Ha          , Ha          , Ha          , Ha          , Ha          , Ch          , Aa          , Aa          , Aa          , Aa          , Aa          , Aa          , Xv          , Xv          , Xv          , Aa          , Aa          , Aa          , Aa          , Aa          , Aa          , Ch          , Xv          
Xv          , Ch          , Ha          , Ha          , Ha          , Ha          , Ha          , Ha          , Ha          , Ha          , Ha          , Ha          , Ha          , Ha          , Ha          , Ha          , Ha          , Ch          , Aa          , Aa          , Aa          , Aa          , Aa          , Aa          , Xv          , Xv          , Aa          , Aa          , Aa          , Aa          , Aa          , Aa          , Aa          , Ch          , Xv          
Xv          , Ch          , Ha          , Ha          , Ha          , Ha          , Ha          , Ha          , Ha          , Ha          , Ha          , Ha          , Ha          , Ha          , Ha          , Ha          , Ha          , Ch          , Aa          , Aa          , Aa          , Aa          , Aa          , Aa          , Aa          , Aa          , Aa          , Aa          , Aa          , Aa          , Aa          , Aa          , Aa          , Ch          , Xv          
Xv          , Ch          , Ha          , Ha          , Ha          , Ha          , Ha          , Ha          , Ha          , Ha          , Ha          , Xv          , Xv          , Ha          , Ha          , Ha          , Ha          , Ch          , Aa          , Aa          , Aa          , Aa          , Aa          , Aa          , Aa          , Aa          , Aa          , Aa          , Aa          , Aa          , Aa          , Aa          , Aa          , Ch          , Xv          
Xv          , Ch          , Ch          , Ha          , Ha          , Ha          , Ha          , Ha          , Ha          , Ha          , Ha          , Xv          , Xv          , Xv          , Ha          , Ha          , Ha          , Ch          , Aa          , Aa          , Aa          , Aa          , Aa          , Aa          , Aa          , Aa          , Aa          , Aa          , Aa          , Aa          , Aa          , Aa          , Ch          , Ch          , Xv          
Xv          , Xv          , Xv          , Ch          , Ch          , Ha          , Ha          , Ha          , Ha          , Ha          , Ha          , Xv          , Xv          , Xv          , Ha          , Ha          , Ha          , Ch          , Aa          , Aa          , Aa          , Aa          , Aa          , Aa          , Aa          , Aa          , Aa          , Aa          , Aa          , Aa          , Ch          , Ch          , Xv          , Xv          , Xv          
Xv          , Xv          , Xv          , Xv          , Xv          , Ch          , Ch          , Ha          , Ha          , Ha          , Ha          , Ha          , Ha          , Xv          , Ha          , Ha          , Ha          , Ch          , Aa          , Aa          , Aa          , Aa          , Aa          , Aa          , Aa          , Aa          , Aa          , Aa          , Ch          , Ch          , Xv          , Xv          , Xv          , Xv          , Xv          
Xv          , Xv          , Xv          , Xv          , Xv          , Xv          , Xv          , Ch          , Ch          , Ha          , Ha          , Ha          , Ha          , Ha          , Ha          , Ha          , Ha          , Ch          , Aa          , Aa          , Aa          , Aa          , Aa          , Aa          , Aa          , Aa          , Ch          , Ch          , Xv          , Xv          , Xv          , Xv          , Xv          , Xv          , Xv          
Xv          , Xv          , Xv          , Xv          , Xv          , Xv          , Xv          , Xv          , Xv          , Ch          , Ch          , Ha          , Ha          , Ha          , Ha          , Ha          , Ha          , Ch          , Aa          , Aa          , Aa          , Aa          , Aa          , Aa          , Ch          , Ch          , Xv          , Xv          , Xv          , Xv          , Xv          , Xv          , Xv          , Xv          , Xv          
Xv          , Xv          , Xv          , Xv          , Xv          , Xv          , Xv          , Xv          , Xv          , Xv          , Xv          , Ch          , Ch          , Ha          , Ha          , Ha          , Ha          , Ch          , Aa          , Aa          , Aa          , Aa          , Ch          , Ch          , Xv          , Xv          , Xv          , Xv          , Xv          , Xv          , Xv          , Xv          , Xv          , Xv          , Xv          
Xv          , Xv          , Xv          , Xv          , Xv          , Xv          , Xv          , Xv          , Xv          , Xv          , Xv          , Xv          , Xv          , Ch          , Ch          , Ha          , Ha          , Ch          , Aa          , Aa          , Ch          , Ch          , Xv          , Xv          , Xv          , Xv          , Xv          , Xv          , Xv          , Xv          , Xv          , Xv          , Xv          , Xv          , Xv          
Xv          , Xv          , Xv          , Xv          , Xv          , Xv          , Xv          , Xv          , Xv          , Xv          , Xv          , Xv          , Xv          , Xv          , Xv          , Ch          , Ch          , Ch          , Ch          , Ch          , Xv          , Xv          , Xv          , Xv          , Xv          , Xv          , Xv          , Xv          , Xv          , Xv          , Xv          , Xv          , Xv          , Xv          , Xv          
Xv          , Xv          , Xv          , Xv          , Xv          , Xv          , Xv          , Xv          , Xv          , Xv          , Xv          , Xv          , Xv          , Xv          , Xv          , Xv          , Xv          , Ch          , Xv          , Xv          , Xv          , Xv          , Xv          , Xv          , Xv          , Xv          , Xv          , Xv          , Xv          , Xv          , Xv          , Xv          , Xv          , Xv          , Xv          
Xv          , Xv          , Xv          , Xv          , Xv          , Xv          , Xv          , Xv          , Xv          , Xv          , Xv          , Xv          , Xv          , Xv          , Xv          , Xv          , Xv          , Xv          , Xv          , Xv          , Xv          , Xv          , Xv          , Xv          , Xv          , Xv          , Xv          , Xv          , Xv          , Xv          , Xv          , Xv          , Xv          , Xv          , Xv          
