border_size=1
usage=map

Xv, Xv, Xv, Xv, Xv, Xv, Xv, Xv, Xv, Xv, Xv, Xv, Xv, Xv, Xv, Xv, Xv, Xv, Xv, Xv, Xv, Xv, Xv, Xv, Xv, Xv, Xv, Xv, Xv, Xv, Xv, Xv, Xv, Xv, Xv
Xv, Xv, Xv, Xv, Xv, Xv, Xv, Xv, Xv, Xv, Xv, Xv, Xv, Xv, Xv, Xv, Ch, Ch, Ch, Xv, Xv, Xv, Xv, Xv, Xv, Xv, Xv, Xv, Xv, Xv, Xv, Xv, Xv, Xv, Xv
Xv, Xv, Xv, Xv, Xv, Xv, Xv, Xv, Xv, Xv, Xv, Xv, Xv, Xv, Ch, Ch, Ms, Ms, Ms, Ch, Ch, Xv, Xv, Xv, Xv, Xv, Xv, Xv, Xv, Xv, Xv, Xv, Xv, Xv, Xv
Xv, Xv, Xv, Xv, Xv, Xv, Xv, Xv, Xv, Xv, Xv, Xv, Ch, Ch, Ms, Ms, Ms, Ms, Ms, Ms, Ms, Ch, Ch, Xv, Xv, Xv, Xv, Xv, Xv, Xv, Xv, Xv, Xv, Xv, Xv
Xv, Xv, Xv, Xv, Xv, Xv, Xv, Xv, Xv, Xv, Ch, Ch, Ms, Ms, Ms, Ms, Ms, Ms, Ms, Ms, Ms, Ms, Ms, Ch, Ch, Xv, Xv, Xv, Xv, Xv, Xv, Xv, Xv, Xv, Xv
Xv, Xv, Xv, Xv, Xv, Xv, Xv, Xv, Ch, Ch, Ms, Ms, Ms, Ms, Ms, Ms, Xv, Xv, Xv, Ms, Ms, Ms, Ms, Ms, Ms, Ch, Ch, Xv, Xv, Xv, Xv, Xv, Xv, Xv, Xv
Xv, Xv, Xv, Xv, Xv, Xv, Ch, Ch, Ms, Ms, Ms, Ms, Ms, Ms, Ms, Xv, Xv, Xv, Xv, Xv, Ms, Ms, Ms, Ms, Ms, Ms, Ms, Ch, Ch, Xv, Xv, Xv, Xv, Xv, Xv
Xv, Xv, Xv, Xv, Ch, Ch, Ms, Ms, Ms, Ms, Ms, Ms, Ms, Ms, Ms, Ms, Ms, Xv, Ms, Ms, Ms, Ms, Ms, Ms, Ms, Ms, Ms, Ms, Ms, Ch, Ch, Xv, Xv, Xv, Xv
Xv, Xv, Ch, Ch, Ms, Ms, Ms, Ms, Ms, Ms, Xv, Xv, Xv, Ms, Ms, Ms, Ms, Ms, Ms, Ms, Ms, Ms, Xv, Xv, Xv, Ms, Ms, Ms, Ms, Ms, Ms, Ch, Ch, Xv, Xv
Xv, Ch, Ch, Ms, Ms, Ms, Ms, Ms, Ms, Xv, Xv, Xv, Xv, Xv, Ms, Ms, Ms, Ms, Ms, Ms, Ms, Xv, Xv, Xv, Xv, Xv, Ms, Ms, Ms, Ms, Ms, Ms, Ch, Ch, Xv
Xv, Ch, Ha, Ch, Ch, Ms, Ms, Ms, Ms, Ms, Ms, Xv, Ms, Ms, Ms, Ms, Ms, Ms, Ms, Ms, Ms, Ms, Ms, Xv, Ms, Ms, Ms, Ms, Ms, Ms, Ch, Ch, Aa, Ch, Xv
Xv, Ch, Ha, Ha, Ha, Ch, Ch, Ms, Ms, Ms, Ms, Ms, Ms, Ms, Ms, Ms, Xv, Xv, Xv, Ms, Ms, Ms, Ms, Ms, Ms, Ms, Ms, Ms, Ch, Ch, Aa, Aa, Aa, Ch, Xv
Xv, Ch, Ha, Ha, Ha, Ha, Ha, Ch, Ch, Ms, Ms, Ms, Ms, Ms, Ms, Xv, Xv, Xv, Xv, Xv, Ms, Ms, Ms, Ms, Ms, Ms, Ch, Ch, Aa, Aa, Aa, Aa, Aa, Ch, Xv
Xv, Ch, Ha, Ha, Ha, Ha, Ha, Ha, Ha, 1 Ch, Ch, Ms, Ms, Ms, Ms, Ms, Ms, Xv, Ms, Ms, Ms, Ms, Ms, Ms, Ch, 9 Ch, Aa, Aa, Aa, Aa, Aa, Aa, Aa, Ch, Xv
Xv, Ch, Ha, Ha, Ha, Ha, Ha, Ha, Ha, Ha, Ha, 2 Ch, Ch, Ms, Ms, Ms, Ms, Ms, Ms, Ms, Ms, Ms, Ch, 8 Ch, Aa, Aa, Aa, Aa, Aa, Aa, Aa, Aa, Aa, Ch, Xv
Xv, Ch, Ha, Ha, Ha, Xv, Xv, Ha, Ha, Ha, Ha, Ha, Ha, 3 Ch, Ch, Ms, Ms, Ms, Ms, Ms, Ch, 7 Ch, Aa, Aa, Aa, Aa, Aa, Aa, Aa, Aa, Aa, Aa, Aa, Ch, Xv
Xv, Ch, Ha, Ha, Ha, Xv, Xv, Xv, Ha, Ha, Ha, Ha, Ha, Ha, Ha, 4 Ch, Ch, Ms, Ch, 6 Ch, Aa, Aa, Aa, Aa, Aa, Aa, Aa, Aa, Aa, Aa, Aa, Aa, Aa, Ch, Xv
Xv, Ch, Ha, Ha, Ha, Xv, Xv, Xv, Ha, Ha, Ha, Ha, Ha, Ha, Ha, Ha, Ha, 5 Ch, Aa, Aa, Aa, Aa, Aa, Aa, Aa, Aa, Aa, Aa, Aa, Aa, Aa, Aa, Aa, Ch, Xv
Xv, Ch, Ha, Ha, Ha, Ha, Ha, Xv, Ha, Ha, Ha, Ha, Ha, Ha, Ha, Ha, Ha, Ch, Aa, Aa, Aa, Aa, Aa, Aa, Aa, Aa, Aa, Aa, Aa, Aa, Aa, Aa, Aa, Ch, Xv
Xv, Ch, Ha, Ha, Ha, Ha, Ha, Ha, Ha, Ha, Ha, Ha, Ha, Ha, Ha, Ha, Ha, Ch, Aa, Aa, Aa, Aa, Aa, Aa, Aa, Aa, Xv, Aa, Aa, Aa, Aa, Aa, Aa, Ch, Xv
Xv, Ch, Ha, Ha, Ha, Ha, Ha, Ha, Ha, Ha, Ha, Ha, Ha, Ha, Ha, Ha, Ha, Ch, Aa, Aa, Aa, Aa, Aa, Aa, Xv, Xv, Xv, Aa, Aa, Aa, Aa, Aa, Aa, Ch, Xv
Xv, Ch, Ha, Ha, Ha, Ha, Ha, Ha, Ha, Ha, Ha, Ha, Ha, Ha, Ha, Ha, Ha, Ch, Aa, Aa, Aa, Aa, Aa, Aa, Xv, Xv, Xv, Aa, Aa, Aa, Aa, Aa, Aa, Ch, Xv
Xv, Ch, Ha, Ha, Ha, Ha, Ha, Ha, Ha, Ha, Ha, Ha, Ha, Ha, Ha, Ha, Ha, Ch, Aa, Aa, Aa, Aa, Aa, Aa, Xv, Xv, Aa, Aa, Aa, Aa, Aa, Aa, Aa, Ch, Xv
Xv, Ch, Ha, Ha, Ha, Ha, Ha, Ha, Ha, Ha, Ha, Ha, Ha, Ha, Ha, Ha, Ha, Ch, Aa, Aa, Aa, Aa, Aa, Aa, Aa, Aa, Aa, Aa, Aa, Aa, Aa, Aa, Aa, Ch, Xv
Xv, Ch, Ha, Ha, Ha, Ha, Ha, Ha, Ha, Ha, Ha, Xv, Xv, Ha, Ha, Ha, Ha, Ch, Aa, Aa, Aa, Aa, Aa, Aa, Aa, Aa, Aa, Aa, Aa, Aa, Aa, Aa, Aa, Ch, Xv
Xv, Ch, Ch, Ha, Ha, Ha, Ha, Ha, Ha, Ha, Ha, Xv, Xv, Xv, Ha, Ha, Ha, Ch, Aa, Aa, Aa, Aa, Aa, Aa, Aa, Aa, Aa, Aa, Aa, Aa, Aa, Aa, Ch, Ch, Xv
Xv, Xv, Xv, Ch, Ch, Ha, Ha, Ha, Ha, Ha, Ha, Xv, Xv, Xv, Ha, Ha, Ha, Ch, Aa, Aa, Aa, Aa, Aa, Aa, Aa, Aa, Aa, Aa, Aa, Aa, Ch, Ch, Xv, Xv, Xv
Xv, Xv, Xv, Xv, Xv, Ch, Ch, Ha, Ha, Ha, Ha, Ha, Ha, Xv, Ha, Ha, Ha, Ch, Aa, Aa, Aa, Aa, Aa, Aa, Aa, Aa, Aa, Aa, Ch, Ch, Xv, Xv, Xv, Xv, Xv
Xv, Xv, Xv, Xv, Xv, Xv, Xv, Ch, Ch, Ha, Ha, Ha, Ha, Ha, Ha, Ha, Ha, Ch, Aa, Aa, Aa, Aa, Aa, Aa, Aa, Aa, Ch, Ch, Xv, Xv, Xv, Xv, Xv, Xv, Xv
Xv, Xv, Xv, Xv, Xv, Xv, Xv, Xv, Xv, Ch, Ch, Ha, Ha, Ha, Ha, Ha, Ha, Ch, Aa, Aa, Aa, Aa, Aa, Aa, Ch, Ch, Xv, Xv, Xv, Xv, Xv, Xv, Xv, Xv, Xv
Xv, Xv, Xv, Xv, Xv, Xv, Xv, Xv, Xv, Xv, Xv, Ch, Ch, Ha, Ha, Ha, Ha, Ch, Aa, Aa, Aa, Aa, Ch, Ch, Xv, Xv, Xv, Xv, Xv, Xv, Xv, Xv, Xv, Xv, Xv
Xv, Xv, Xv, Xv, Xv, Xv, Xv, Xv, Xv, Xv, Xv, Xv, Xv, Ch, Ch, Ha, Ha, Ch, Aa, Aa, Ch, Ch, Xv, Xv, Xv, Xv, Xv, Xv, Xv, Xv, Xv, Xv, Xv, Xv, Xv
Xv, Xv, Xv, Xv, Xv, Xv, Xv, Xv, Xv, Xv, Xv, Xv, Xv, Xv, Xv, Ch, Ch, Ch, Ch, Ch, Xv, Xv, Xv, Xv, Xv, Xv, Xv, Xv, Xv, Xv, Xv, Xv, Xv, Xv, Xv
Xv, Xv, Xv, Xv, Xv, Xv, Xv, Xv, Xv, Xv, Xv, Xv, Xv, Xv, Xv, Xv, Xv, Ch, Xv, Xv, Xv, Xv, Xv, Xv, Xv, Xv, Xv, Xv, Xv, Xv, Xv, Xv, Xv, Xv, Xv
Xv, Xv, Xv, Xv, Xv, Xv, Xv, Xv, Xv, Xv, Xv, Xv, Xv, Xv, Xv, Xv, Xv, Xv, Xv, Xv, Xv, Xv, Xv, Xv, Xv, Xv, Xv, Xv, Xv, Xv, Xv, Xv, Xv, Xv, Xv
