border_size=1
usage=map

Xv          , Xv          , Xv          , Xv          , Xv          , Xv          , Xv          , Xv          , Xv          , Xv          , Xv          , Xv          , Xv          , Xv          , Xv          , Xv          , Xv          , Xv          , Xv          , Xv          , Xv          , Xv          , Xv          , Xv          , Xv          , Xv          , Xv          , Xv          , Xv          , Xv          , Xv          , Xv          , Xv          , Xv          , Xv          
Xv          , Xv          , Xv          , Xv          , Xv          , Xv          , Xv          , Xv          , Xv          , Xv          , Xv          , Xv          , Xv          , Xv          , Xv          , Xv          , Rr          , Rr          , Rr          , Xv          , Xv          , Xv          , Xv          , Xv          , Xv          , Xv          , Xv          , Xv          , Xv          , Xv          , Xv          , Xv          , Xv          , Xv          , Xv          
Xv          , Xv          , Xv          , Xv          , Xv          , Xv          , Xv          , Xv          , Xv          , Xv          , Xv          , Xv          , Xv          , Xv          , Rr          , Rr          , Dd          , Dd          , Dd          , Rr          , Rr          , Xv          , Xv          , Xv          , Xv          , Xv          , Xv          , Xv          , Xv          , Xv          , Xv          , Xv          , Xv          , Xv          , Xv          
Xv          , Xv          , Xv          , Xv          , Xv          , Xv          , Xv          , Xv          , Xv          , Xv          , Xv          , Xv          , Rr          , Rr          , Dd          , Dd          , Dd          , Dd          , Dd          , Dd          , Dd          , Rr          , Rr          , Xv          , Xv          , Xv          , Xv          , Xv          , Xv          , Xv          , Xv          , Xv          , Xv          , Xv          , Xv          
Xv          , Xv          , Xv          , Xv          , Xv          , Xv          , Xv          , Xv          , Xv          , Xv          , Rr          , Rr          , Dd          , Dd          , Dd          , Dd          , Dd          , Dd          , Dd          , Dd          , Dd          , Dd          , Dd          , Rr          , Rr          , Xv          , Xv          , Xv          , Xv          , Xv          , Xv          , Xv          , Xv          , Xv          , Xv          
Xv          , Xv          , Xv          , Xv          , Xv          , Xv          , Xv          , Xv          , Rr          , Rr          , Dd          , Dd          , Dd          , Dd          , Dd          , Dd          , Xv          , Xv          , Xv          , Dd          , Dd          , Dd          , Dd          , Dd          , Dd          , Rr          , Rr          , Xv          , Xv          , Xv          , Xv          , Xv          , Xv          , Xv          , Xv          
Xv          , Xv          , Xv          , Xv          , Xv          , Xv          , Rr          , Rr          , Dd          , Dd          , Dd          , Dd          , Dd          , Dd          , Dd          , Xv          , Xv          , Xv          , Xv          , Xv          , Dd          , Dd          , Dd          , Dd          , Dd          , Dd          , Dd          , Rr          , Rr          , Xv          , Xv          , Xv          , Xv          , Xv          , Xv          
Xv          , Xv          , Xv          , Xv          , Rr          , Rr          , Dd          , Dd          , Dd          , Dd          , Dd          , Dd          , Dd          , Dd          , Dd          , Dd          , Dd          , Xv          , Dd          , Dd          , Dd          , Dd          , Dd          , Dd          , Dd          , Dd          , Dd          , Dd          , Dd          , Rr          , Rr          , Xv          , Xv          , Xv          , Xv          
Xv          , Xv          , Rr          , Rr          , Dd          , Dd          , Dd          , Dd          , Dd          , Dd          , Xv          , Xv          , Xv          , Dd          , Dd          , Dd          , Dd          , Dd          , Dd          , Dd          , Dd          , Dd          , Xv          , Xv          , Xv          , Dd          , Dd          , Dd          , Dd          , Dd          , Dd          , Rr          , Rr          , Xv          , Xv          
Xv          , Rr          , Rr          , Dd          , Dd          , Dd          , Dd          , Dd          , Dd          , Xv          , Xv          , Xv          , Xv          , Xv          , Dd          , Dd          , Dd          , Dd          , Dd          , Dd          , Dd          , Xv          , Xv          , Xv          , Xv          , Xv          , Dd          , Dd          , Dd          , Dd          , Dd          , Dd          , Rr          , Rr          , Xv          
Xv          , Rr          , Rd          , Rr          , Rr          , Dd          , Dd          , Dd          , Dd          , Dd          , Dd          , Xv          , Dd          , Dd          , Dd          , Dd          , Dd          , Dd          , Dd          , Dd          , Dd          , Dd          , Dd          , Xv          , Dd          , Dd          , Dd          , Dd          , Dd          , Dd          , Rr          , Rr          , Ds          , Rr          , Xv          
Xv          , Rr          , Rd          , Rd          , Rd          , Rr          , Rr          , Dd          , Dd          , Dd          , Dd          , Dd          , Dd          , Dd          , Dd          , Dd          , Xv          , Xv          , Xv          , Dd          , Dd          , Dd          , Dd          , Dd          , Dd          , Dd          , Dd          , Dd          , Rr          , Rr          , Ds          , Ds          , Ds          , Rr          , Xv          
Xv          , Rr          , Rd          , Rd          , Rd          , Rd          , Rd          , Rr          , Rr          , Dd          , Dd          , Dd          , Dd          , Dd          , Dd          , Xv          , Xv          , Xv          , Xv          , Xv          , Dd          , Dd          , Dd          , Dd          , Dd          , Dd          , Rr          , Rr          , Ds          , Ds          , Ds          , Ds          , Ds          , Rr          , Xv          
Xv          , Rr          , Rd          , Rd          , Rd          , Rd          , Rd          , Rd          , Rd          , 1 Rr        , Rr          , Dd          , Dd          , Dd          , Dd          , Dd          , Dd          , Xv          , Dd          , Dd          , Dd          , Dd          , Dd          , Dd          , Rr          , 9 Rr        , Ds          , Ds          , Ds          , Ds          , Ds          , Ds          , Ds          , Rr          , Xv          
Xv          , Rr          , Rd          , Rd          , Rd          , Rd          , Rd          , Rd          , Rd          , Rd          , Rd          , 2 Rr        , Rr          , Dd          , Dd          , Dd          , Dd          , Dd          , Dd          , Dd          , Dd          , Dd          , Rr          , 8 Rr        , Ds          , Ds          , Ds          , Ds          , Ds          , Ds          , Ds          , Ds          , Ds          , Rr          , Xv          
Xv          , Rr          , Rd          , Rd          , Rd          , Xv          , Xv          , Rd          , Rd          , Rd          , Rd          , Rd          , Rd          , 3 Rr        , Rr          , Dd          , Dd          , Dd          , Dd          , Dd          , Rr          , 7 Rr        , Ds          , Ds          , Ds          , Ds          , Ds          , Ds          , Ds          , Ds          , Ds          , Ds          , Ds          , Rr          , Xv          
Xv          , Rr          , Rd          , Rd          , Rd          , Xv          , Xv          , Xv          , Rd          , Rd          , Rd          , Rd          , Rd          , Rd          , Rd          , 4 Rr        , Rr          , Dd          , Rr          , 6 Rr        , Ds          , Ds          , Ds          , Ds          , Ds          , Ds          , Ds          , Ds          , Ds          , Ds          , Ds          , Ds          , Ds          , Rr          , Xv          
Xv          , Rr          , Rd          , Rd          , Rd          , Xv          , Xv          , Xv          , Rd          , Rd          , Rd          , Rd          , Rd          , Rd          , Rd          , Rd          , Rd          , 5 Rr        , Ds          , Ds          , Ds          , Ds          , Ds          , Ds          , Ds          , Ds          , Ds          , Ds          , Ds          , Ds          , Ds          , Ds          , Ds          , Rr          , Xv          
Xv          , Rr          , Rd          , Rd          , Rd          , Rd          , Rd          , Xv          , Rd          , Rd          , Rd          , Rd          , Rd          , Rd          , Rd          , Rd          , Rd          , Rr          , Ds          , Ds          , Ds          , Ds          , Ds          , Ds          , Ds          , Ds          , Ds          , Ds          , Ds          , Ds          , Ds          , Ds          , Ds          , Rr          , Xv          
Xv          , Rr          , Rd          , Rd          , Rd          , Rd          , Rd          , Rd          , Rd          , Rd          , Rd          , Rd          , Rd          , Rd          , Rd          , Rd          , Rd          , Rr          , Ds          , Ds          , Ds          , Ds          , Ds          , Ds          , Ds          , Ds          , Xv          , Ds          , Ds          , Ds          , Ds          , Ds          , Ds          , Rr          , Xv          
Xv          , Rr          , Rd          , Rd          , Rd          , Rd          , Rd          , Rd          , Rd          , Rd          , Rd          , Rd          , Rd          , Rd          , Rd          , Rd          , Rd          , Rr          , Ds          , Ds          , Ds          , Ds          , Ds          , Ds          , Xv          , Xv          , Xv          , Ds          , Ds          , Ds          , Ds          , Ds          , Ds          , Rr          , Xv          
Xv          , Rr          , Rd          , Rd          , Rd          , Rd          , Rd          , Rd          , Rd          , Rd          , Rd          , Rd          , Rd          , Rd          , Rd          , Rd          , Rd          , Rr          , Ds          , Ds          , Ds          , Ds          , Ds          , Ds          , Xv          , Xv          , Xv          , Ds          , Ds          , Ds          , Ds          , Ds          , Ds          , Rr          , Xv          
Xv          , Rr          , Rd          , Rd          , Rd          , Rd          , Rd          , Rd          , Rd          , Rd          , Rd          , Rd          , Rd          , Rd          , Rd          , Rd          , Rd          , Rr          , Ds          , Ds          , Ds          , Ds          , Ds          , Ds          , Xv          , Xv          , Ds          , Ds          , Ds          , Ds          , Ds          , Ds          , Ds          , Rr          , Xv          
Xv          , Rr          , Rd          , Rd          , Rd          , Rd          , Rd          , Rd          , Rd          , Rd          , Rd          , Rd          , Rd          , Rd          , Rd          , Rd          , Rd          , Rr          , Ds          , Ds          , Ds          , Ds          , Ds          , Ds          , Ds          , Ds          , Ds          , Ds          , Ds          , Ds          , Ds          , Ds          , Ds          , Rr          , Xv          
Xv          , Rr          , Rd          , Rd          , Rd          , Rd          , Rd          , Rd          , Rd          , Rd          , Rd          , Xv          , Xv          , Rd          , Rd          , Rd          , Rd          , Rr          , Ds          , Ds          , Ds          , Ds          , Ds          , Ds          , Ds          , Ds          , Ds          , Ds          , Ds          , Ds          , Ds          , Ds          , Ds          , Rr          , Xv          
Xv          , Rr          , Rr          , Rd          , Rd          , Rd          , Rd          , Rd          , Rd          , Rd          , Rd          , Xv          , Xv          , Xv          , Rd          , Rd          , Rd          , Rr          , Ds          , Ds          , Ds          , Ds          , Ds          , Ds          , Ds          , Ds          , Ds          , Ds          , Ds          , Ds          , Ds          , Ds          , Rr          , Rr          , Xv          
Xv          , Xv          , Xv          , Rr          , Rr          , Rd          , Rd          , Rd          , Rd          , Rd          , Rd          , Xv          , Xv          , Xv          , Rd          , Rd          , Rd          , Rr          , Ds          , Ds          , Ds          , Ds          , Ds          , Ds          , Ds          , Ds          , Ds          , Ds          , Ds          , Ds          , Rr          , Rr          , Xv          , Xv          , Xv          
Xv          , Xv          , Xv          , Xv          , Xv          , Rr          , Rr          , Rd          , Rd          , Rd          , Rd          , Rd          , Rd          , Xv          , Rd          , Rd          , Rd          , Rr          , Ds          , Ds          , Ds          , Ds          , Ds          , Ds          , Ds          , Ds          , Ds          , Ds          , Rr          , Rr          , Xv          , Xv          , Xv          , Xv          , Xv          
Xv          , Xv          , Xv          , Xv          , Xv          , Xv          , Xv          , Rr          , Rr          , Rd          , Rd          , Rd          , Rd          , Rd          , Rd          , Rd          , Rd          , Rr          , Ds          , Ds          , Ds          , Ds          , Ds          , Ds          , Ds          , Ds          , Rr          , Rr          , Xv          , Xv          , Xv          , Xv          , Xv          , Xv          , Xv          
Xv          , Xv          , Xv          , Xv          , Xv          , Xv          , Xv          , Xv          , Xv          , Rr          , Rr          , Rd          , Rd          , Rd          , Rd          , Rd          , Rd          , Rr          , Ds          , Ds          , Ds          , Ds          , Ds          , Ds          , Rr          , Rr          , Xv          , Xv          , Xv          , Xv          , Xv          , Xv          , Xv          , Xv          , Xv          
Xv          , Xv          , Xv          , Xv          , Xv          , Xv          , Xv          , Xv          , Xv          , Xv          , Xv          , Rr          , Rr          , Rd          , Rd          , Rd          , Rd          , Rr          , Ds          , Ds          , Ds          , Ds          , Rr          , Rr          , Xv          , Xv          , Xv          , Xv          , Xv          , Xv          , Xv          , Xv          , Xv          , Xv          , Xv          
Xv          , Xv          , Xv          , Xv          , Xv          , Xv          , Xv          , Xv          , Xv          , Xv          , Xv          , Xv          , Xv          , Rr          , Rr          , Rd          , Rd          , Rr          , Ds          , Ds          , Rr          , Rr          , Xv          , Xv          , Xv          , Xv          , Xv          , Xv          , Xv          , Xv          , Xv          , Xv          , Xv          , Xv          , Xv          
Xv          , Xv          , Xv          , Xv          , Xv          , Xv          , Xv          , Xv          , Xv          , Xv          , Xv          , Xv          , Xv          , Xv          , Xv          , Rr          , Rr          , Rr          , Rr          , Rr          , Xv          , Xv          , Xv          , Xv          , Xv          , Xv          , Xv          , Xv          , Xv          , Xv          , Xv          , Xv          , Xv          , Xv          , Xv          
Xv          , Xv          , Xv          , Xv          , Xv          , Xv          , Xv          , Xv          , Xv          , Xv          , Xv          , Xv          , Xv          , Xv          , Xv          , Xv          , Xv          , Rr          , Xv          , Xv          , Xv          , Xv          , Xv          , Xv          , Xv          , Xv          , Xv          , Xv          , Xv          , Xv          , Xv          , Xv          , Xv          , Xv          , Xv          
Xv          , Xv          , Xv          , Xv          , Xv          , Xv          , Xv          , Xv          , Xv          , Xv          , Xv          , Xv          , Xv          , Xv          , Xv          , Xv          , Xv          , Xv          , Xv          , Xv          , Xv          , Xv          , Xv          , Xv          , Xv          , Xv          , Xv          , Xv          , Xv          , Xv          , Xv          , Xv          , Xv          , Xv          , Xv          
